<List>
	<entities>
		<Entity>
			<type>NPC</type>
			<name>route3guard</name>
			<spriteset>boy1</spriteset>
			<x>35</x>
			<y>19</y>
			<layer>1</layer>
			<script>routeguard</script>
			<facing>South</facing>
			<behavior>FaceSouth</behavior>
			<strings/>
		</Entity>
		<Entity>
			<type>NPC</type>
			<name>musuemguy</name>
			<spriteset>boy3</spriteset>
			<x>27</x>
			<y>18</y>
			<layer>1</layer>
			<script>museum_guy</script>
			<facing>South</facing>
			<behavior>LookAround</behavior>
			<strings/>
		</Entity>
		<Entity>
			<type>NPC</type>
			<name>Serious_Trainer_Guy</name>
			<spriteset>boy2</spriteset>
			<x>26</x>
			<y>10</y>
			<layer>1</layer>
			<script>repel_guy</script>
			<facing>South</facing>
			<behavior>WalkHorizontal</behavior>
			<strings/>
		</Entity>
		<Entity>
			<type>NPC</type>
			<name>Serious_Trainer_Guy</name>
			<spriteset>boy2</spriteset>
			<x>17</x>
			<y>10</y>
			<layer>1</layer>
			<script>Talk</script>
			<facing>South</facing>
			<behavior>LookAround</behavior>
			<strings>
				<entry>
					<string>text</string>
					<string>There aren't many serious Pokemon trainers here!/nThey're all like Bug Catchers, but Pewter Gym's Brock is totally into it!</string>
				</entry>
			</strings>
		</Entity>
		<Entity>
			<type>NPC</type>
			<name>clefairy_girl</name>
			<spriteset>ponytail_girl</spriteset>
			<x>8</x>
			<y>20</y>
			<layer>1</layer>
			<script>Talk</script>
			<facing>South</facing>
			<behavior>LookAround</behavior>
			<strings>
				<entry>
					<string>text</string>
					<string>It's rumored that Clefairys came from the moon!/nThey appeared after Moon Stone fell on Mt. Moon.</string>
				</entry>
			</strings>
		</Entity>
		<Entity>
			<type>Sign</type>
			<name>museum sign</name>
			<x>15</x>
			<y>26</y>
			<layer>1</layer>
			<strings>
				<entry>
					<string>text</string>
					<string>Pewter Museum of Science</string>
				</entry>
			</strings>
		</Entity>
		<Entity>
			<type>Sign</type>
			<name>notice</name>
			<x>33</x>
			<y>16</y>
			<layer>1</layer>
			<strings>
				<entry>
					<string>text</string>
					<string>Notice!/nThieves have been stealing Pokemon fossils at Mt. Moon! Please call Pewter Police with any info!</string>
				</entry>
			</strings>
		</Entity>
		<Entity>
			<type>Sign</type>
			<name>TT1</name>
			<x>19</x>
			<y>6</y>
			<layer>1</layer>
			<strings>
				<entry>
					<string>text</string>
					<string>Trainer Tips/nAny Pokemon that takes part in battle, however short, earns EXP!</string>
				</entry>
			</strings>
		</Entity>
		<Entity>
			<type>Sign</type>
			<name>CitySign</name>
			<x>25</x>
			<y>12</y>
			<layer>1</layer>
			<strings>
				<entry>
					<string>text</string>
					<string>Pewter City/nA Stone Gray City</string>
				</entry>
			</strings>
		</Entity>
		<Entity>
			<type>Sign</type>
			<name>GymSign</name>
			<x>11</x>
			<y>18</y>
			<layer>1</layer>
			<strings>
				<entry>
					<string>text</string>
					<string>Pewter City Pokemon Gym Leader: Brock/nThe Rock Solid Pokemon Trainer!</string>
				</entry>
			</strings>
		</Entity>
		<Entity>
			<type>Sign</type>
			<name>PokeCenter</name>
			<x>14</x>
			<y>10</y>
			<layer>1</layer>
			<strings>
				<entry>
					<string>text</string>
					<string>Heal Your Pokemon! Pokemon Center</string>
				</entry>
			</strings>
		</Entity>
		<Entity>
			<type>Sign</type>
			<name>PokeMart</name>
			<x>24</x>
			<y>18</y>
			<layer>1</layer>
			<strings>
				<entry>
					<string>text</string>
					<string>All your item needs fulfilled! Pokemon Mart</string>
				</entry>
			</strings>
		</Entity>
	</entities>
</List>