<List>
	<entities>
		<Entity>
			<type>NPC</type>
			<name>Blue</name>
			<spriteset>Blue</spriteset>
			<x>22</x>
			<y>14</y>
			<layer>1</layer>
			<facing>South</facing>
			<strings/>
			<hidden>true</hidden>
		</Entity>
		<Entity>
			<type>Trainer</type>
			<name>RivalSquirtleTrainer</name>
			<spriteset>Blue</spriteset>
			<x>0</x>
			<y>0</y>
			<layer>0</layer>
			<facing>South</facing>
			<strings>
			</strings>
			<hidden>true</hidden>
			<party>
				<String>Pidgey 9</String>
				<String>Squirtle 8</String>
			</party>
			<trainerName>Rival</trainerName>
			<trainerLossQuip>Blue: WHAT? Unbelievable! I picked the wrong Pokemon!</trainerLossQuip>
			<winnings>175</winnings>
		</Entity>
		<Entity>
			<type>Trainer</type>
			<name>RivalCharmanderTrainer</name>
			<spriteset>Blue</spriteset>
			<x>0</x>
			<y>0</y>
			<layer>0</layer>
			<facing>South</facing>
			<strings>
			</strings>
			<hidden>true</hidden>
			<party>
				<String>Pidgey 9</String>
				<String>Charmander 8</String>
			</party>
			<trainerName>Rival</trainerName>
			<trainerLossQuip>Blue: WHAT? Unbelievable! I picked the wrong Pokemon!</trainerLossQuip>
			<winnings>175</winnings>
		</Entity>
		<Entity>
			<type>Trainer</type>
			<name>RivalBulbasaurTrainer</name>
			<spriteset>Blue</spriteset>
			<x>0</x>
			<y>0</y>
			<layer>0</layer>
			<facing>South</facing>
			<strings>
			</strings>
			<hidden>true</hidden>
			<party>
				<String>Pidgey 9</String>
				<String>Bulbasaur 8</String>
			</party>
			<trainerName>Rival</trainerName>
			<trainerLossQuip>Blue: WHAT? Unbelievable! I picked the wrong Pokemon!</trainerLossQuip>
			<winnings>175</winnings>
		</Entity>
		<Entity>
			<type>Sign</type>
			<name>Route</name>
			<x>9</x>
			<y>8</y>
			<layer>1</layer>
			<strings>
				<entry>
					<string>text</string>
					<string>Pokemon League - Front Gate</string>
				</entry>
			</strings>
		</Entity>
	</entities>
</List>