<List>
	<entities>
		<Entity>
			<type>Trainer</type>
			<name>Viridian_Forest_Bug_Catcher_1</name>
			<spriteset>boy1</spriteset>
			<x>30</x>
			<y>14</y>
			<layer>1</layer>
			<script>Trainer</script>
			<facing>West</facing>
			<strings>
				<entry>
					<string>text</string>
					<string>Hey! You have Pokemon! Come on! Let's battle'em!</string>
				</entry>
				<entry>
					<string>defeat</string>
					<string>Ssh! You'll scare the bugs away!</string>
				</entry>
			</strings>
			<party>
				<String>Weedle 6</String>
				<String>Caterpie 6</String>
			</party>
			<trainerName>Bug Catcher</trainerName>
			<trainerLossQuip>Bug Catcher: No! Caterpie can't cut it!</trainerLossQuip>
			<winnings>60</winnings>
			<trainerRange>6</trainerRange>
		</Entity>
		<Entity>
			<type>Trainer</type>
			<name>Viridian_Forest_Bug_Catcher_2</name>
			<spriteset>boy1</spriteset>
			<x>30</x>
			<y>28</y>
			<layer>1</layer>
			<script>Trainer</script>
			<facing>West</facing>
			<strings>
				<entry>
					<string>text</string>
					<string>Yo! You can't jam out if you're a Pokemon trainer!</string>
				</entry>
				<entry>
					<string>defeat</string>
					<string>Darn! I'm going to catch some stronger ones!</string>
				</entry>
			</strings>
			<party>
				<String>Weedle 7</String>
				<String>Kakuna 7</String>
				<String>Weedle 7</String>
			</party>
			<trainerName>Bug Catcher</trainerName>
			<trainerLossQuip>Bug Catcher: Huh? I ran out of Pokemon!</trainerLossQuip>
			<winnings>70</winnings>
			<trainerRange>4</trainerRange>
		</Entity>
		<Entity>
			<type>Trainer</type>
			<name>Viridian_Forest_Bug_Catcher_3</name>
			<spriteset>boy1</spriteset>
			<x>2</x>
			<y>29</y>
			<layer>1</layer>
			<script>Trainer</script>
			<facing>West</facing>
			<strings>
				<entry>
					<string>text</string>
					<string>Hey, wait up! What's the hurry?</string>
				</entry>
				<entry>
					<string>defeat</string>
					<string>Sometimes, you can find stuff on the ground!/nI'm looking for the stuff I dropped!</string>
				</entry>
			</strings>
			<party>
				<String>Weedle 9</String>
			</party>
			<trainerName>Bug Catcher</trainerName>
			<trainerLossQuip>Bug Catcher: I give! You're good at this!</trainerLossQuip>
			<winnings>90</winnings>
			<trainerRange>1</trainerRange>
		</Entity>
		
		<Entity>
			<type>NPC</type>
			<name>friend</name>
			<spriteset>boy1</spriteset>
			<x>16</x>
			<y>4</y>
			<layer>1</layer>
			<script>Talk</script>
			<facing>South</facing>
			<strings>
				<entry>
					<string>text</string>
					<string>I came here with some friends!/nThey're out for Pokemon fights!</string>
				</entry>
			</strings>
			<behavior>LookAround</behavior>
		</Entity>
		<Entity>
			<type>NPC</type>
			<name>noPokeballs</name>
			<spriteset>boy1</spriteset>
			<x>27</x>
			<y>7</y>
			<layer>1</layer>
			<script>Talk</script>
			<facing>South</facing>
			<strings>
				<entry>
					<string>text</string>
					<string>I ran out of Poke Balls to catch Pokemon with!/nYou should carry extras!</string>
				</entry>
			</strings>
			<behavior>LookAround</behavior>
		</Entity>
		
		<Entity>
			<type>Object</type>
			<name>Viridian_Forest_Pokeball</name>
			<spriteset>pokeball</spriteset>
			<x>1</x>
			<y>16</y>
			<layer>1</layer>
			<script>Item</script>
			<strings>
				<entry>
					<string>item</string>
					<string>Poke_Ball</string>
				</entry>
				<entry>
					<string>pretty_item</string>
					<string>Poke Ball</string>
				</entry>
			</strings>
		</Entity>
		<Entity>
			<type>Object</type>
			<name>Viridian_Forest_Antidote</name>
			<spriteset>pokeball</spriteset>
			<x>25</x>
			<y>36</y>
			<layer>1</layer>
			<script>Item</script>
			<strings>
				<entry>
					<string>item</string>
					<string>Antidote</string>
				</entry>
				<entry>
					<string>pretty_item</string>
					<string>Antidote</string>
				</entry>
			</strings>
		</Entity>
		<Entity>
			<type>Object</type>
			<name>Viridian_Forest_Potion</name>
			<spriteset>pokeball</spriteset>
			<x>12</x>
			<y>18</y>
			<layer>1</layer>
			<script>Item</script>
			<strings>
				<entry>
					<string>item</string>
					<string>Potion</string>
				</entry>
				<entry>
					<string>pretty_item</string>
					<string>Potion</string>
				</entry>
			</strings>
		</Entity>
		
		<Entity>
			<type>Sign</type>
			<name>TT1</name>
			<x>18</x>
			<y>2</y>
			<layer>1</layer>
			<strings>
				<entry>
					<string>text</string>
					<string>Trainer Tips/nWeaken Pokemon before attempting capture!/nWhen healthy, they may escape!</string>
				</entry>
			</strings>
		</Entity>
		<Entity>
			<type>Sign</type>
			<name>poison</name>
			<x>16</x>
			<y>15</y>
			<layer>1</layer>
			<strings>
				<entry>
					<string>text</string>
					<string>For poison, use an Antidote! Get it at Pokemon Marts!</string>
				</entry>
			</strings>
		</Entity>
		<Entity>
			<type>Sign</type>
			<name>TT2</name>
			<x>24</x>
			<y>7</y>
			<layer>1</layer>
			<strings>
				<entry>
					<string>text</string>
					<string>Trainer Tips/nIf you want to avoid battles, stay away from grassy areas!</string>
				</entry>
			</strings>
		</Entity>
		<Entity>
			<type>Sign</type>
			<name>TT3</name>
			<x>26</x>
			<y>30</y>
			<layer>1</layer>
			<strings>
				<entry>
					<string>text</string>
					<string>Trainer Tips/nContact Prof. Oak via the PC to get your Pokedex evaluated!</string>
				</entry>
			</strings>
		</Entity>
		<Entity>
			<type>Sign</type>
			<name>TT4</name>
			<x>4</x>
			<y>23</y>
			<layer>1</layer>
			<strings>
				<entry>
					<string>text</string>
					<string>Trainer Tips/nNo stealing of Pokemon from other trainers! Catch only wild Pokemon!</string>
				</entry>
			</strings>
		</Entity>
		<Entity>
			<type>Sign</type>
			<name>exit</name>
			<x>2</x>
			<y>46</y>
			<layer>1</layer>
			<strings>
				<entry>
					<string>text</string>
					<string>Leaving Viridian Forest/nPewter City Ahead</string>
				</entry>
			</strings>
		</Entity>
	</entities>
</List>