<List>
	<entities>
		<Entity>
			<type>NPC</type>
			<name>Ledge_Guy</name>
			<spriteset>boy1</spriteset>
			<x>13</x>
			<y>22</y>
			<layer>1</layer>
			<script>Talk</script>
			<facing>South</facing>
			<behavior>WalkHorizontal</behavior>
			<strings>
				<entry>
					<string>text</string>
					<string>See those ledges along the road?/nIt's a bit scary, but you can jump from them./nYou can get back to Pallet Town quicker that way.</string>
				</entry>
			</strings>
		</Entity>
		<Entity>
			<type>NPC</type>
			<name>Potion_Guy</name>
			<spriteset>boy1</spriteset>
			<x>3</x>
			<y>10</y>
			<layer>1</layer>
			<script>FreePotion</script>
			<facing>South</facing>
			<behavior>WalkVertical</behavior>
			<strings/>
		</Entity>
		<Entity>
			<type>Sign</type>
			<name>Route</name>
			<x>7</x>
			<y>8</y>
			<layer>1</layer>
			<strings>
				<entry>
					<string>text</string>
					<string>Route 1 Pallet Town - Viridian City</string>
				</entry>
			</strings>
		</Entity>
	</entities>
</List>