<List>
	<entities>
		<Entity>
			<type>Sign</type>
			<name>Route</name>
			<x>5</x>
			<y>6</y>
			<layer>1</layer>
			<strings>
				<entry>
					<string>text</string>
					<string>Route 2 Viridian City - Pewter City</string>
				</entry>
			</strings>
		</Entity>
		<Entity>
			<type>Object</type>
			<name>Tree</name>
			<spriteset>tree</spriteset>
			<x>12</x>
			<y>3</y>
			<layer>1</layer>
			<script>Tree</script>
			<strings/>
		</Entity>
		<Entity>
			<type>Object</type>
			<name>Tree</name>
			<spriteset>tree</spriteset>
			<x>12</x>
			<y>11</y>
			<layer>1</layer>
			<script>Tree</script>
			<strings/>
		</Entity>
		<Entity>
			<type>Object</type>
			<name>Tree</name>
			<spriteset>tree</spriteset>
			<x>12</x>
			<y>19</y>
			<layer>1</layer>
			<script>Tree</script>
			<strings/>
		</Entity>
		<Entity>
			<type>Object</type>
			<name>Tree</name>
			<spriteset>tree</spriteset>
			<x>5</x>
			<y>61</y>
			<layer>1</layer>
			<script>Tree</script>
			<strings/>
		</Entity>
	</entities>
</List>