<List>
	<entities>
		<Entity>
			<type>Sign</type>
			<name>sign</name>
			<x>3</x>
			<y>12</y>
			<layer>1</layer>
			<strings>
				<entry>
					<string>text</string>
					<string>$playerName$'s house</string>
				</entry>
			</strings>
		</Entity>
		<Entity>
			<type>Sign</type>
			<name>sign</name>
			<x>11</x>
			<y>12</y>
			<layer>1</layer>
			<strings>
				<entry>
					<string>text</string>
					<string>$rivalName$'s house</string>
				</entry>
			</strings>
		</Entity>
		<Entity>
			<type>Sign</type>
			<name>sign</name>
			<x>7</x>
			<y>8</y>
			<layer>1</layer>
			<strings>
				<entry>
					<string>text</string>
					<string>Pallet Town/nShades of your journey await!</string>
				</entry>
			</strings>
		</Entity>
		<Entity>
			<type>Sign</type>
			<name>sign</name>
			<x>13</x>
			<y>4</y>
			<layer>1</layer>
			<strings>
				<entry>
					<string>text</string>
					<string>Oak Pokemon Research Lab</string>
				</entry>
			</strings>
		</Entity>
		<Entity>
			<type>NPC</type>
			<name>fatty</name>
			<spriteset>fat_man</spriteset>
			<x>10</x>
			<y>3</y>
			<layer>1</layer>
			<script>Talk</script>
			<facing>South</facing>
			<strings>
				<entry>
					<string>text</string>
					<string>Technology is incredible!/nYou can now store and recall items and Pokemon as data via PC!</string>
				</entry>
			</strings>
			<behavior>WanderSmall</behavior>
		</Entity>
		<Entity>
			<type>NPC</type>
			<name>chick</name>
			<spriteset>girl1</spriteset>
			<x>2</x>
			<y>9</y>
			<layer>1</layer>
			<script>Talk</script>
			<facing>East</facing>
			<strings>
				<entry>
					<string>text</string>
					<string>I'm raising Pokemon too!/nWhen they get strong, they can protect me!</string>
				</entry>
			</strings>
			<behavior>WanderSmall</behavior>
		</Entity>
		<Entity>
			<type>NPC</type>
			<name>Oak</name>
			<spriteset>Oak</spriteset>
			<x>9</x>
			<y>10</y>
			<layer>1</layer>
			<facing>North</facing>
			<strings>
			</strings>
			<hidden>true</hidden>
		</Entity>
	</entities>
</List>