<List>
	<entities>
		<Entity>
			<type>NPC</type>
			<name>Heal</name>
			<spriteset>pc_girl</spriteset>
			<x>3</x>
			<y>6</y>
			<layer>1</layer>
			<facing>South</facing>
			<strings/>
		</Entity>
		<Entity>
			<type>Object</type>
			<name>Heal_Desk</name>
			<x>3</x>
			<y>5</y>
			<layer>1</layer>
			<script>Heal</script>
			<strings/>
		</Entity>
		<Entity>
			<type>NPC</type>
			<name>Link</name>
			<spriteset>link_girl</spriteset>
			<x>11</x>
			<y>5</y>
			<layer>1</layer>
			<facing>South</facing>
			<script>Link</script>
			<strings/>
		</Entity>
		<Entity>
			<type>Object</type>
			<name>PC</name>
			<x>13</x>
			<y>4</y>
			<layer>1</layer>
			<facing>South</facing>
			<script>PC</script>
			<strings/>
		</Entity>
		<Entity>
			<type>Sign</type>
			<name>Sitting</name>
			<x>0</x>
			<y>3</y>
			<layer>1</layer>
			<strings>
				<entry>
					<string>text</string>
					<string>Yawn!/nWhen Jigglypuff sings, Pokemon get drowsy.../n...Me too... Snore...</string>
				</entry>
			</strings>
		</Entity>
		<Entity>
			<type>NPC</type>
			<name>Jigglypuff</name>
			<spriteset>clefairy</spriteset>
			<x>1</x>
			<y>4</y>
			<layer>1</layer>
			<script>jiggly</script>
			<facing>South</facing>
			<behavior>FaceSouth</behavior>
			<strings/>
		</Entity>
		<Entity>
			<type>NPC</type>
			<name>phoneguy</name>
			<spriteset>businessman</spriteset>
			<x>11</x>
			<y>0</y>
			<layer>1</layer>
			<script>Talk</script>
			<facing>East</facing>
			<behavior>FaceEast</behavior>
			<strings>
				<entry>
					<string>text</string>
					<string>What!?/nTeam Rocket is at Mt. Moon? Huh? I'm on the phone!/nScram!</string>
				</entry>
			</strings>
		</Entity>
	</entities>
</List>