<List>
	<entities>
		<Entity>
			<type>NPC</type>
			<name>OldMan</name>
			<spriteset>old_man</spriteset>
			<x>2</x>
			<y>4</y>
			<layer>1</layer>
			<script>Talk</script>
			<facing>East</facing>
			<behavior>FaceEast</behavior>
			<strings>
				<entry>
					<string>text</string>
					<string>Pokemon learn new techniques as they grow!/nBut, some moves must be taught by the trainer!</string>
				</entry>
			</strings>
		</Entity>
		<Entity>
			<type>NPC</type>
			<name>Boy</name>
			<spriteset>boy1</spriteset>
			<x>4</x>
			<y>2</y>
			<layer>1</layer>
			<script>Talk</script>
			<facing>South</facing>
			<behavior>LookAround</behavior>
			<strings>
				<entry>
					<string>text</string>
					<string>Pokemon become easier to catch when they are hurt or asleep!/nBut, it's not a sure thing!</string>
				</entry>
			</strings>
		</Entity>
		<Entity>
			<type>Sign</type>
			<name>bookcase</name>
			<x>0</x>
			<y>6</y>
			<layer>1</layer>
			<strings>
			<entry>
				<string>text</string>
				<string>Crammed full of Pokemon books!</string>
			</entry>
			</strings>
		</Entity>
		<Entity>
			<type>Sign</type>
			<name>bookcase</name>
			<x>1</x>
			<y>6</y>
			<layer>1</layer>
			<strings>
			<entry>
				<string>text</string>
				<string>Crammed full of Pokemon books!</string>
			</entry>
			</strings>
		</Entity>
		<Entity>
			<type>Sign</type>
			<name>bookcase</name>
			<x>7</x>
			<y>6</y>
			<layer>1</layer>
			<strings>
			<entry>
				<string>text</string>
				<string>Crammed full of Pokemon books!</string>
			</entry>
			</strings>
		</Entity>
	</entities>
</List>