<List>
	<entities>
		<Entity>
			<type>NPC</type>
			<name>Heal</name>
			<spriteset>pc_girl</spriteset>
			<x>3</x>
			<y>6</y>
			<layer>1</layer>
			<facing>South</facing>
			<strings/>
		</Entity>
		<Entity>
			<type>Object</type>
			<name>Heal_Desk</name>
			<x>3</x>
			<y>5</y>
			<layer>1</layer>
			<script>Heal</script>
			<strings/>
		</Entity>
		<Entity>
			<type>NPC</type>
			<name>Link</name>
			<spriteset>link_girl</spriteset>
			<x>11</x>
			<y>5</y>
			<layer>1</layer>
			<facing>South</facing>
			<script>Link</script>
			<strings/>
		</Entity>
		<Entity>
			<type>Object</type>
			<name>PC</name>
			<x>13</x>
			<y>4</y>
			<layer>1</layer>
			<facing>South</facing>
			<script>PC</script>
			<strings/>
		</Entity>
		<Entity>
			<type>Sign</type>
			<name>Sitting</name>
			<x>0</x>
			<y>3</y>
			<layer>1</layer>
			<strings>
				<entry>
					<string>text</string>
					<string>Pokemon Centers heal your tired, hurt or fainted Pokemon!</string>
				</entry>
			</strings>
		</Entity>
		<Entity>
			<type>NPC</type>
			<name>Guy_By_Desk</name>
			<spriteset>boy2</spriteset>
			<x>4</x>
			<y>4</y>
			<layer>1</layer>
			<script>Talk</script>
			<facing>North</facing>
			<behavior>LookAround</behavior>
			<strings>
				<entry>
					<string>text</string>
					<string>There's a Pokemon Center in every town ahead./nThey don't charge any money either!</string>
				</entry>
			</strings>
		</Entity>
		<Entity>
			<type>NPC</type>
			<name>PC_Guy</name>
			<spriteset>businessman</spriteset>
			<x>10</x>
			<y>4</y>
			<layer>1</layer>
			<script>Talk</script>
			<facing>North</facing>
			<behavior>WalkVertical</behavior>
			<strings>
				<entry>
					<string>text</string>
					<string>You can use that PC in the corner./nThe receptionist told me. So kind!</string>
				</entry>
			</strings>
		</Entity>
	</entities>
</List>