<List>
	<entities>
		<Entity>
			<type>NPC</type>
			<name>Notes_Girl</name>
			<spriteset>bun_girl</spriteset>
			<x>3</x>
			<y>2</y>
			<layer>1</layer>
			<script>Talk</script>
			<facing>North</facing>
			<behavior>FaceNorth</behavior>
			<strings>
				<entry>
					<string>text</string>
					<string>Whew! I'm trying to memorize all my notes.</string>
				</entry>
			</strings>
		</Entity>
		<Entity>
			<type>NPC</type>
			<name>Teacher</name>
			<spriteset>ponytail_girl</spriteset>
			<x>4</x>
			<y>6</y>
			<layer>1</layer>
			<script>Talk</script>
			<facing>South</facing>
			<behavior>FaceSouth</behavior>
			<strings>
				<entry>
					<string>text</string>
					<string>Okay!/nBe sure to read the blackboard carefully!</string>
				</entry>
			</strings>
		</Entity>
		<Entity>
			<type>Object</type>
			<name>notes</name>
			<x>3</x>
			<y>3</y>
			<layer>1</layer>
			<strings/>
			<script>Notes</script>
		</Entity>
		<Entity>
			<type>Object</type>
			<name>blackboard</name>
			<x>3</x>
			<y>7</y>
			<layer>1</layer>
			<strings/>
			<script>Blackboard</script>
		</Entity>
		<Entity>
			<type>Sign</type>
			<name>bookcase</name>
			<x>7</x>
			<y>6</y>
			<layer>1</layer>
			<strings>
			<entry>
				<string>text</string>
				<string>Crammed full of Pokemon books!</string>
			</entry>
			</strings>
		</Entity>
	</entities>
</List>