<List>
	<entities>
		<Entity>
			<type>NPC</type>
			<name>Raiseing_Guy</name>
			<spriteset>boy3</spriteset>
			<x>5</x>
			<y>2</y>
			<layer>1</layer>
			<script>Talk</script>
			<facing>South</facing>
			<behavior>LookAround</behavior>
			<strings>
				<entry>
					<string>text</string>
					<string>Good things can happen if you raise Pokemon diligently, even the weak ones!</string>
				</entry>
			</strings>
		</Entity>
		<Entity>
			<type>NPC</type>
			<name>Fish_Guy</name>
			<spriteset>boy1</spriteset>
			<x>3</x>
			<y>4</y>
			<layer>1</layer>
			<script>Talk</script>
			<facing>South</facing>
			<behavior>WalkVertical</behavior>
			<strings>
				<entry>
					<string>text</string>
					<string>A shady, old man got me to buy this really weird fish Pokemon!/nIt's totally weak and it cost 500!</string>
				</entry>
			</strings>
		</Entity>
		<Entity>
			<type>NPC</type>
			<name>Shopkeeper</name>
			<spriteset>shopkeeper</spriteset>
			<x>0</x>
			<y>2</y>
			<layer>1</layer>
			<facing>East</facing>
			<strings/>
		</Entity>
		<Entity>
			<type>Object</type>
			<name>ShopFront</name>
			<x>1</x>
			<y>2</y>
			<layer>1</layer>
			<script>Shop</script>
			<strings>
				<entry>
					<string>item0</string>
					<string>Poke_Ball</string>
				</entry>
				<entry>
					<string>item1</string>
					<string>Potion</string>
				</entry>
				<entry>
					<string>item2</string>
					<string>Escape_Rope</string>
				</entry>
				<entry>
					<string>item3</string>
					<string>Antidote</string>
				</entry>
				<entry>
					<string>item4</string>
					<string>Burn_Heal</string>
				</entry>
				<entry>
					<string>item5</string>
					<string>Awakening</string>
				</entry>
				<entry>
					<string>item6</string>
					<string>Paralyze_Heal</string>
				</entry>
			</strings>
		</Entity>
		<Entity>
			<type>Object</type>
			<name>ShopDown</name>
			<x>0</x>
			<y>1</y>
			<layer>1</layer>
			<script>Shop</script>
			<strings>
				<entry>
					<string>item0</string>
					<string>Poke_Ball</string>
				</entry>
				<entry>
					<string>item1</string>
					<string>Potion</string>
				</entry>
				<entry>
					<string>item2</string>
					<string>Escape_Rope</string>
				</entry>
				<entry>
					<string>item3</string>
					<string>Antidote</string>
				</entry>
				<entry>
					<string>item4</string>
					<string>Burn_Heal</string>
				</entry>
				<entry>
					<string>item5</string>
					<string>Awakening</string>
				</entry>
				<entry>
					<string>item6</string>
					<string>Paralyze_Heal</string>
				</entry>
			</strings>
		</Entity>
	</entities>
</List>