<List>
	<entities>
		<Entity>
			<type>NPC</type>
			<name>Oak</name>
			<spriteset>Oak</spriteset>
			<x>6</x>
			<y>10</y>
			<layer>1</layer>
			<script>Oak</script>
			<facing>South</facing>
			<strings>
			</strings>
			<hidden>true</hidden>
		</Entity>
		<Entity>
			<type>NPC</type>
			<name>Blue</name>
			<spriteset>Blue</spriteset>
			<x>5</x>
			<y>9</y>
			<layer>1</layer>
			<script>Blue</script>
			<facing>South</facing>
			<strings>
			</strings>
		</Entity>
		<Entity>
			<type>NPC</type>
			<name>scientist</name>
			<spriteset>scientist1</spriteset>
			<x>3</x>
			<y>2</y>
			<layer>1</layer>
			<script>Pallet_Town_Scientist</script>
			<facing>East</facing>
			<strings>
			</strings>
			<behavior>LookAround</behavior>
		</Entity>
		<Entity>
			<type>NPC</type>
			<name>scientist</name>
			<spriteset>scientist1</spriteset>
			<x>7</x>
			<y>2</y>
			<layer>1</layer>
			<script>Pallet_Town_Scientist</script>
			<facing>West</facing>
			<strings>
			</strings>
			<behavior>LookAround</behavior>
		</Entity>
		<Entity>
			<type>NPC</type>
			<name>chick</name>
			<spriteset>girl1</spriteset>
			<x>2</x>
			<y>4</y>
			<layer>1</layer>
			<script>Pallet_Town_Person_C</script>
			<facing>North</facing>
			<strings>
			</strings>
			<behavior>WalkVertical</behavior>
		</Entity>
		<Entity>
			<type>Object</type>
			<name>pokeballChar</name>
			<spriteset>pokeball</spriteset>
			<x>7</x>
			<y>9</y>
			<layer>2</layer>
			<script>PickChar</script>
			<strings>
			</strings>
		</Entity>
		<Entity>
			<type>Object</type>
			<name>pokeballSquir</name>
			<spriteset>pokeball</spriteset>
			<x>8</x>
			<y>9</y>
			<layer>2</layer>
			<script>PickSquir</script>
			<strings>
			</strings>
		</Entity>
		<Entity>
			<type>Object</type>
			<name>pokeballBulb</name>
			<spriteset>pokeball</spriteset>
			<x>9</x>
			<y>9</y>
			<layer>2</layer>
			<script>PickBulb</script>
			<strings>
			</strings>
		</Entity>
	<Entity>
		<type>Trainer</type>
		<name>RivalSquirtleTrainer</name>
		<spriteset>Blue</spriteset>
		<x>0</x>
		<y>0</y>
		<layer>0</layer>
		<facing>South</facing>
		<strings>
		</strings>
		<hidden>true</hidden>
		<party>
			<String>Squirtle 5</String>
		</party>
		<trainerName>Rival</trainerName>
	</Entity>
		<Entity>
		<type>Trainer</type>
		<name>RivalCharmanderTrainer</name>
		<spriteset>Blue</spriteset>
		<x>0</x>
		<y>0</y>
		<layer>0</layer>
		<facing>South</facing>
		<strings>
		</strings>
		<hidden>true</hidden>
		<party>
			<String>Charmander 5</String>
		</party>
		<trainerName>Rival</trainerName>
	</Entity>
		<Entity>
		<type>Trainer</type>
		<name>RivalBulbasaurTrainer</name>
		<spriteset>Blue</spriteset>
		<x>0</x>
		<y>0</y>
		<layer>0</layer>
		<facing>South</facing>
		<strings>
		</strings>
		<hidden>true</hidden>
		<party>
			<String>Bulbasaur 5</String>
		</party>
		<trainerName>Rival</trainerName>
	</Entity>
		<Entity>
			<type>NPC</type>
			<name>pokedex1</name>
			<spriteset>note</spriteset>
			<x>3</x>
			<y>11</y>
			<layer>2</layer>
			<facing>North</facing>
			<script>Sign</script>
			<strings>
				<entry>
					<string>text</string>
					<string>It's encyclopedia-like, but the pages are blank!</string>
				</entry>
			</strings>
		</Entity>
		<Entity>
			<type>NPC</type>
			<name>pokedex2</name>
			<spriteset>note</spriteset>
			<x>4</x>
			<y>11</y>
			<layer>2</layer>
			<facing>North</facing>
			<script>Sign</script>
			<strings>
				<entry>
					<string>text</string>
					<string>It's encyclopedia-like, but the pages are blank!</string>
				</entry>
			</strings>
		</Entity>
		<Entity>
			<type>Sign</type>
			<name>email</name>
			<x>1</x>
			<y>11</y>
			<layer>2</layer>
			<strings>
				<entry>
					<string>text</string>
					<string>There's an email message here!/n.../nCalling all Pokemon trainers!/nThe elite trainers of Pokemon League are ready to take on all comers!/nBring your best Pokemon and see how you rate as a trainer!/nPokemon League HQ Indigo Plateau/nPS: Prof. Oak please visit us! ...</string>
				</entry>
			</strings>
		</Entity>
		<Entity>
			<type>Sign</type>
			<name>email</name>
			<x>2</x>
			<y>11</y>
			<layer>2</layer>
			<strings>
				<entry>
					<string>text</string>
					<string>There's an email message here!/n.../nCalling all Pokemon trainers!/nThe elite trainers of Pokemon League are ready to take on all comers!/nBring your best Pokemon and see how you rate as a trainer!/nPokemon League HQ Indigo Plateau/nPS: Prof. Oak please visit us! ...</string>
				</entry>
			</strings>
		</Entity>
		<Entity>
			<type>Sign</type>
			<name>info</name>
			<x>5</x>
			<y>12</y>
			<layer>2</layer>
			<strings>
				<entry>
					<string>text</string>
					<string>Push Start to open the Menu!</string>
				</entry>
			</strings>
		</Entity>
		<Entity>
			<type>Sign</type>
			<name>info</name>
			<x>6</x>
			<y>12</y>
			<layer>2</layer>
			<strings>
				<entry>
					<string>text</string>
					<string>The Save option is on the Menu screen.</string>
				</entry>
			</strings>
		</Entity>
	</entities>
</List>