<List>
	<entities>
		<Entity>
			<type>NPC</type>
			<name>Tutor</name>
			<spriteset>old_man</spriteset>
			<x>19</x>
			<y>30</y>
			<layer>1</layer>
			<script>Tutor</script>
			<facing>West</facing>
			<strings/>
		</Entity>
		<Entity>
			<type>NPC</type>
			<name>Daughter</name>
			<spriteset>girl1</spriteset>
			<x>17</x>
			<y>26</y>
			<layer>1</layer>
			<script>Daughter</script>
			<facing>East</facing>
			<behavior>FaceEast</behavior>
			<strings/>
		</Entity>
		<Entity>
			<type>NPC</type>
			<name>Bug_Guy</name>
			<spriteset>boy1</spriteset>
			<x>30</x>
			<y>11</y>
			<layer>1</layer>
			<script>Bug_Guy</script>
			<facing>South</facing>
			<behavior>WanderSmall</behavior>
			<strings/>
		</Entity>
		<Entity>
			<type>NPC</type>
			<name>Pokeball_Guy</name>
			<spriteset>boy1</spriteset>
			<x>10</x>
			<y>16</y>
			<layer>1</layer>
			<script>Talk</script>
			<facing>South</facing>
			<behavior>WanderSmall</behavior>
			<strings>
				<entry>
					<string>text</string>
					<string>Those Poke Balls at your waist! You have Pokemon!/nIt's great that you can carry and use Pokemon any time, anywhere!</string>
				</entry>
			</strings>
		</Entity>
		<Entity>
			<type>NPC</type>
			<name>Gym_Guy</name>
			<spriteset>old_man</spriteset>
			<x>30</x>
			<y>27</y>
			<layer>1</layer>
			<script>Talk</script>
			<facing>North</facing>
			<behavior>WalkHorizontal</behavior>
			<strings>
				<entry>
					<string>text</string>
					<string>This Pokemon Gym is always closed./nI wonder who the Leader is?</string>
				</entry>
			</strings>
		</Entity>
		<Entity>
			<type>NPC</type>
			<name>Sleeping_Guy</name>
			<spriteset>fat_man</spriteset>
			<x>6</x>
			<y>12</y>
			<layer>1</layer>
			<facing>South</facing>
			<strings/>
		</Entity>
		<Entity>
			<type>Sign</type>
			<name>TT1</name>
			<x>21</x>
			<y>6</y>
			<layer>1</layer>
			<strings>
				<entry>
					<string>text</string>
					<string>Trainer Tips/nThe battle moves of Pokemon are limited by their Power Points, PP/nTo replenish PP, rest your tired Pokemon at a Pokemon Center!</string>
				</entry>
			</strings>
		</Entity>
		<Entity>
			<type>Sign</type>
			<name>TT2</name>
			<x>19</x>
			<y>34</y>
			<layer>1</layer>
			<strings>
				<entry>
					<string>text</string>
					<string>Trainer Tips/nCatch Pokemon and expand your collection!/nThe more you have, the easier it is to fight!</string>
				</entry>
			</strings>
		</Entity>
		<Entity>
			<type>Sign</type>
			<name>CitySign</name>
			<x>17</x>
			<y>18</y>
			<layer>1</layer>
			<strings>
				<entry>
					<string>text</string>
					<string>Viridian City/nThe Eternally Green Paradise</string>
				</entry>
			</strings>
		</Entity>
		<Entity>
			<type>Sign</type>
			<name>GymSign</name>
			<x>27</x>
			<y>28</y>
			<layer>1</layer>
			<strings>
				<entry>
					<string>text</string>
					<string>Viridian City Pokemon Gym</string>
				</entry>
			</strings>
		</Entity>
		<Entity>
			<type>Sign</type>
			<name>PokeCenter</name>
			<x>24</x>
			<y>10</y>
			<layer>1</layer>
			<strings>
				<entry>
					<string>text</string>
					<string>Heal Your Pokemon! Pokemon Center</string>
				</entry>
			</strings>
		</Entity>
		<Entity>
			<type>Sign</type>
			<name>PokeMart</name>
			<x>30</x>
			<y>16</y>
			<layer>1</layer>
			<strings>
				<entry>
					<string>text</string>
					<string>All your item needs fulfilled! Pokemon Mart</string>
				</entry>
			</strings>
		</Entity>
		<Entity>
			<type>Object</type>
			<name>Tree</name>
			<spriteset>tree</spriteset>
			<x>8</x>
			<y>13</y>
			<layer>1</layer>
			<script>Tree</script>
			<strings/>
		</Entity>
		<Entity>
			<type>Object</type>
			<name>Tree</name>
			<spriteset>tree</spriteset>
			<x>14</x>
			<y>31</y>
			<layer>1</layer>
			<script>Tree</script>
			<strings/>
		</Entity>
	</entities>
</List>