<List>
	<entities>
		<Entity>
			<type>NPC</type>
			<name>Spearow</name>
			<spriteset>bird</spriteset>
			<x>3</x>
			<y>2</y>
			<layer>1</layer>
			<script>Talk</script>
			<facing>West</facing>
			<behavior>WalkHorizontal</behavior>
			<strings>
				<entry>
					<string>text</string>
					<string>Speary: Tetweet!</string>
				</entry>
			</strings>
		</Entity>
		<Entity>
			<type>NPC</type>
			<name>Child</name>
			<spriteset>child_girl</spriteset>
			<x>1</x>
			<y>5</y>
			<layer>1</layer>
			<script>Talk</script>
			<facing>South</facing>
			<behavior>WalkVertical</behavior>
			<strings>
				<entry>
					<string>text</string>
					<string>My Daddy loves Pokemon too.</string>
				</entry>
			</strings>
		</Entity>
		<Entity>
			<type>NPC</type>
			<name>Father</name>
			<spriteset>balding_man</spriteset>
			<x>5</x>
			<y>4</y>
			<layer>1</layer>
			<script>Talk</script>
			<facing>West</facing>
			<behavior>LookAround</behavior>
			<strings>
				<entry>
					<string>text</string>
					<string>Coming up with nicknames is fun, but hard./nSimple names are the easiest to remember.</string>
				</entry>
			</strings>
		</Entity>
		<Entity>
			<type>Sign</type>
			<name>note</name>
			<spriteset>note</spriteset>
			<x>4</x>
			<y>7</y>
			<layer>1</layer>
			<strings>
			<entry>
				<string>text</string>
				<string>Spearow Name: Speary</string>
			</entry>
			</strings>
		</Entity>
		<Entity>
			<type>Sign</type>
			<name>bookcase</name>
			<x>0</x>
			<y>6</y>
			<layer>1</layer>
			<strings>
			<entry>
				<string>text</string>
				<string>Crammed full of Pokemon books!</string>
			</entry>
			</strings>
		</Entity>
		<Entity>
			<type>Sign</type>
			<name>bookcase</name>
			<x>1</x>
			<y>6</y>
			<layer>1</layer>
			<strings>
			<entry>
				<string>text</string>
				<string>Crammed full of Pokemon books!</string>
			</entry>
			</strings>
		</Entity>
		<Entity>
			<type>Sign</type>
			<name>bookcase</name>
			<x>7</x>
			<y>6</y>
			<layer>1</layer>
			<strings>
			<entry>
				<string>text</string>
				<string>Crammed full of Pokemon books!</string>
			</entry>
			</strings>
		</Entity>
	</entities>
</List>