<List>
	<entities>
		<Entity>
			<type>NPC</type>
			<name>Antidote_Guy</name>
			<spriteset>boy1</spriteset>
			<x>5</x>
			<y>2</y>
			<layer>1</layer>
			<script>Talk</script>
			<facing>South</facing>
			<behavior>WalkVertical</behavior>
			<strings>
				<entry>
					<string>text</string>
					<string>This shop sells many Antidotes.</string>
				</entry>
			</strings>
		</Entity>
		<Entity>
			<type>NPC</type>
			<name>Potion_Guy</name>
			<spriteset>boy2</spriteset>
			<x>3</x>
			<y>4</y>
			<layer>1</layer>
			<script>Talk</script>
			<facing>South</facing>
			<behavior>LookAround</behavior>
			<strings>
				<entry>
					<string>text</string>
					<string>No! Potions are all sold out.</string>
				</entry>
			</strings>
		</Entity>
		<Entity>
			<type>NPC</type>
			<name>Shopkeeper</name>
			<spriteset>shopkeeper</spriteset>
			<x>0</x>
			<y>2</y>
			<layer>1</layer>
			<facing>East</facing>
			<strings/>
		</Entity>
		<Entity>
			<type>Object</type>
			<name>ShopFront</name>
			<x>1</x>
			<y>2</y>
			<layer>1</layer>
			<script>Viridian_Shop</script>
			<strings/>
		</Entity>
		<Entity>
			<type>Object</type>
			<name>ShopDown</name>
			<x>0</x>
			<y>1</y>
			<layer>1</layer>
			<script>Viridian_Shop</script>
			<strings/>
		</Entity>
	</entities>
</List>